// Jest Snapshot v1, https://goo.gl/fbAQLP

exports[`customer-stack test 1`] = `
Object {
  "Outputs": Object {
    "ExportsOutputFnGetAttcreateLambda327A7376Arn505586C9": Object {
      "Export": Object {
        "Name": "local-customer-stack:ExportsOutputFnGetAttcreateLambda327A7376Arn505586C9",
      },
      "Value": Object {
        "Fn::GetAtt": Array [
          "createLambda327A7376",
          "Arn",
        ],
      },
    },
    "ExportsOutputFnGetAttdeleteLambda64E16E5CArn5C6E4DBF": Object {
      "Export": Object {
        "Name": "local-customer-stack:ExportsOutputFnGetAttdeleteLambda64E16E5CArn5C6E4DBF",
      },
      "Value": Object {
        "Fn::GetAtt": Array [
          "deleteLambda64E16E5C",
          "Arn",
        ],
      },
    },
    "ExportsOutputFnGetAttgetLambda0E45CF34Arn12A2311A": Object {
      "Export": Object {
        "Name": "local-customer-stack:ExportsOutputFnGetAttgetLambda0E45CF34Arn12A2311A",
      },
      "Value": Object {
        "Fn::GetAtt": Array [
          "getLambda0E45CF34",
          "Arn",
        ],
      },
    },
    "ExportsOutputFnGetAttupdateLambda2E646683ArnE6EC4AF9": Object {
      "Export": Object {
        "Name": "local-customer-stack:ExportsOutputFnGetAttupdateLambda2E646683ArnE6EC4AF9",
      },
      "Value": Object {
        "Fn::GetAtt": Array [
          "updateLambda2E646683",
          "Arn",
        ],
      },
    },
  },
  "Parameters": Object {
    "AssetParameters39bb0e546e9060246630a988a1664e604d2b06a01852fc3d9762456ca6b07125ArtifactHash85B876CB": Object {
      "Description": "Artifact hash for asset \\"39bb0e546e9060246630a988a1664e604d2b06a01852fc3d9762456ca6b07125\\"",
      "Type": "String",
    },
    "AssetParameters39bb0e546e9060246630a988a1664e604d2b06a01852fc3d9762456ca6b07125S3BucketF64B94BF": Object {
      "Description": "S3 bucket for asset \\"39bb0e546e9060246630a988a1664e604d2b06a01852fc3d9762456ca6b07125\\"",
      "Type": "String",
    },
    "AssetParameters39bb0e546e9060246630a988a1664e604d2b06a01852fc3d9762456ca6b07125S3VersionKey684B73FB": Object {
      "Description": "S3 key for asset version \\"39bb0e546e9060246630a988a1664e604d2b06a01852fc3d9762456ca6b07125\\"",
      "Type": "String",
    },
    "AssetParameters7eb45dd7df01ed1316ba3fd84c0d9f2eb725f074f1da5b4358bc2c80ac7bb0baArtifactHash5FD3A786": Object {
      "Description": "Artifact hash for asset \\"7eb45dd7df01ed1316ba3fd84c0d9f2eb725f074f1da5b4358bc2c80ac7bb0ba\\"",
      "Type": "String",
    },
    "AssetParameters7eb45dd7df01ed1316ba3fd84c0d9f2eb725f074f1da5b4358bc2c80ac7bb0baS3Bucket027A17A6": Object {
      "Description": "S3 bucket for asset \\"7eb45dd7df01ed1316ba3fd84c0d9f2eb725f074f1da5b4358bc2c80ac7bb0ba\\"",
      "Type": "String",
    },
    "AssetParameters7eb45dd7df01ed1316ba3fd84c0d9f2eb725f074f1da5b4358bc2c80ac7bb0baS3VersionKeyA3A3479B": Object {
      "Description": "S3 key for asset version \\"7eb45dd7df01ed1316ba3fd84c0d9f2eb725f074f1da5b4358bc2c80ac7bb0ba\\"",
      "Type": "String",
    },
    "AssetParametersaaaca8027ba963dd367ccb1a7917e9f6985fa0efd6becfe0d6374ab62fc57743ArtifactHash94B8126F": Object {
      "Description": "Artifact hash for asset \\"aaaca8027ba963dd367ccb1a7917e9f6985fa0efd6becfe0d6374ab62fc57743\\"",
      "Type": "String",
    },
    "AssetParametersaaaca8027ba963dd367ccb1a7917e9f6985fa0efd6becfe0d6374ab62fc57743S3Bucket45F794C8": Object {
      "Description": "S3 bucket for asset \\"aaaca8027ba963dd367ccb1a7917e9f6985fa0efd6becfe0d6374ab62fc57743\\"",
      "Type": "String",
    },
    "AssetParametersaaaca8027ba963dd367ccb1a7917e9f6985fa0efd6becfe0d6374ab62fc57743S3VersionKeyBE0A803F": Object {
      "Description": "S3 key for asset version \\"aaaca8027ba963dd367ccb1a7917e9f6985fa0efd6becfe0d6374ab62fc57743\\"",
      "Type": "String",
    },
    "AssetParametersd2e8456d6c677a295ce3021ed72008a877f49b6ba2a073c218ba0ccbd28e8c4eArtifactHash453E4D4E": Object {
      "Description": "Artifact hash for asset \\"d2e8456d6c677a295ce3021ed72008a877f49b6ba2a073c218ba0ccbd28e8c4e\\"",
      "Type": "String",
    },
    "AssetParametersd2e8456d6c677a295ce3021ed72008a877f49b6ba2a073c218ba0ccbd28e8c4eS3BucketBEF9988D": Object {
      "Description": "S3 bucket for asset \\"d2e8456d6c677a295ce3021ed72008a877f49b6ba2a073c218ba0ccbd28e8c4e\\"",
      "Type": "String",
    },
    "AssetParametersd2e8456d6c677a295ce3021ed72008a877f49b6ba2a073c218ba0ccbd28e8c4eS3VersionKeyAA7EB617": Object {
      "Description": "S3 key for asset version \\"d2e8456d6c677a295ce3021ed72008a877f49b6ba2a073c218ba0ccbd28e8c4e\\"",
      "Type": "String",
    },
  },
  "Resources": Object {
    "createLambda327A7376": Object {
      "DependsOn": Array [
        "createLambdaServiceRoleDefaultPolicy7FCD0D30",
        "createLambdaServiceRole20E8740B",
      ],
      "Properties": Object {
        "Code": Object {
          "S3Bucket": Object {
            "Ref": "AssetParametersaaaca8027ba963dd367ccb1a7917e9f6985fa0efd6becfe0d6374ab62fc57743S3Bucket45F794C8",
          },
          "S3Key": Object {
            "Fn::Join": Array [
              "",
              Array [
                Object {
                  "Fn::Select": Array [
                    0,
                    Object {
                      "Fn::Split": Array [
                        "||",
                        Object {
                          "Ref": "AssetParametersaaaca8027ba963dd367ccb1a7917e9f6985fa0efd6becfe0d6374ab62fc57743S3VersionKeyBE0A803F",
                        },
                      ],
                    },
                  ],
                },
                Object {
                  "Fn::Select": Array [
                    1,
                    Object {
                      "Fn::Split": Array [
                        "||",
                        Object {
                          "Ref": "AssetParametersaaaca8027ba963dd367ccb1a7917e9f6985fa0efd6becfe0d6374ab62fc57743S3VersionKeyBE0A803F",
                        },
                      ],
                    },
                  ],
                },
              ],
            ],
          },
        },
        "Environment": Object {
          "Variables": Object {
            "ENV": "local",
            "TABLE_NAME": Object {
              "Ref": "customers4F944D62",
            },
          },
        },
        "Handler": "create-lambda-bundle.entrypoint",
        "Role": Object {
          "Fn::GetAtt": Array [
            "createLambdaServiceRole20E8740B",
            "Arn",
          ],
        },
        "Runtime": "nodejs12.x",
      },
      "Type": "AWS::Lambda::Function",
    },
    "createLambdaServiceRole20E8740B": Object {
      "Properties": Object {
        "AssumeRolePolicyDocument": Object {
          "Statement": Array [
            Object {
              "Action": "sts:AssumeRole",
              "Effect": "Allow",
              "Principal": Object {
                "Service": "lambda.amazonaws.com",
              },
            },
          ],
          "Version": "2012-10-17",
        },
        "ManagedPolicyArns": Array [
          Object {
            "Fn::Join": Array [
              "",
              Array [
                "arn:",
                Object {
                  "Ref": "AWS::Partition",
                },
                ":iam::aws:policy/service-role/AWSLambdaBasicExecutionRole",
              ],
            ],
          },
        ],
      },
      "Type": "AWS::IAM::Role",
    },
    "createLambdaServiceRoleDefaultPolicy7FCD0D30": Object {
      "Properties": Object {
        "PolicyDocument": Object {
          "Statement": Array [
            Object {
              "Action": Array [
                "dynamodb:BatchWriteItem",
                "dynamodb:PutItem",
                "dynamodb:UpdateItem",
                "dynamodb:DeleteItem",
              ],
              "Effect": "Allow",
              "Resource": Array [
                Object {
                  "Fn::GetAtt": Array [
                    "customers4F944D62",
                    "Arn",
                  ],
                },
                Object {
                  "Ref": "AWS::NoValue",
                },
              ],
            },
          ],
          "Version": "2012-10-17",
        },
        "PolicyName": "createLambdaServiceRoleDefaultPolicy7FCD0D30",
        "Roles": Array [
          Object {
            "Ref": "createLambdaServiceRole20E8740B",
          },
        ],
      },
      "Type": "AWS::IAM::Policy",
    },
    "customers4F944D62": Object {
      "DeletionPolicy": "Retain",
      "Properties": Object {
        "AttributeDefinitions": Array [
          Object {
            "AttributeName": "id",
            "AttributeType": "S",
          },
        ],
        "KeySchema": Array [
          Object {
            "AttributeName": "id",
            "KeyType": "HASH",
          },
        ],
        "ProvisionedThroughput": Object {
          "ReadCapacityUnits": 5,
          "WriteCapacityUnits": 5,
        },
        "TableName": "local-customers",
      },
      "Type": "AWS::DynamoDB::Table",
      "UpdateReplacePolicy": "Retain",
    },
    "deleteLambda64E16E5C": Object {
      "DependsOn": Array [
        "deleteLambdaServiceRoleDefaultPolicy770F9D88",
        "deleteLambdaServiceRole44BC2A4A",
      ],
      "Properties": Object {
        "Code": Object {
          "S3Bucket": Object {
            "Ref": "AssetParametersd2e8456d6c677a295ce3021ed72008a877f49b6ba2a073c218ba0ccbd28e8c4eS3BucketBEF9988D",
          },
          "S3Key": Object {
            "Fn::Join": Array [
              "",
              Array [
                Object {
                  "Fn::Select": Array [
                    0,
                    Object {
                      "Fn::Split": Array [
                        "||",
                        Object {
                          "Ref": "AssetParametersd2e8456d6c677a295ce3021ed72008a877f49b6ba2a073c218ba0ccbd28e8c4eS3VersionKeyAA7EB617",
                        },
                      ],
                    },
                  ],
                },
                Object {
                  "Fn::Select": Array [
                    1,
                    Object {
                      "Fn::Split": Array [
                        "||",
                        Object {
                          "Ref": "AssetParametersd2e8456d6c677a295ce3021ed72008a877f49b6ba2a073c218ba0ccbd28e8c4eS3VersionKeyAA7EB617",
                        },
                      ],
                    },
                  ],
                },
              ],
            ],
          },
        },
        "Environment": Object {
          "Variables": Object {
            "ENV": "local",
            "TABLE_NAME": Object {
              "Ref": "customers4F944D62",
            },
          },
        },
        "Handler": "delete-lambda-bundle.entrypoint",
        "Role": Object {
          "Fn::GetAtt": Array [
            "deleteLambdaServiceRole44BC2A4A",
            "Arn",
          ],
        },
        "Runtime": "nodejs12.x",
      },
      "Type": "AWS::Lambda::Function",
    },
    "deleteLambdaServiceRole44BC2A4A": Object {
      "Properties": Object {
        "AssumeRolePolicyDocument": Object {
          "Statement": Array [
            Object {
              "Action": "sts:AssumeRole",
              "Effect": "Allow",
              "Principal": Object {
                "Service": "lambda.amazonaws.com",
              },
            },
          ],
          "Version": "2012-10-17",
        },
        "ManagedPolicyArns": Array [
          Object {
            "Fn::Join": Array [
              "",
              Array [
                "arn:",
                Object {
                  "Ref": "AWS::Partition",
                },
                ":iam::aws:policy/service-role/AWSLambdaBasicExecutionRole",
              ],
            ],
          },
        ],
      },
      "Type": "AWS::IAM::Role",
    },
    "deleteLambdaServiceRoleDefaultPolicy770F9D88": Object {
      "Properties": Object {
        "PolicyDocument": Object {
          "Statement": Array [
            Object {
              "Action": Array [
                "dynamodb:BatchWriteItem",
                "dynamodb:PutItem",
                "dynamodb:UpdateItem",
                "dynamodb:DeleteItem",
              ],
              "Effect": "Allow",
              "Resource": Array [
                Object {
                  "Fn::GetAtt": Array [
                    "customers4F944D62",
                    "Arn",
                  ],
                },
                Object {
                  "Ref": "AWS::NoValue",
                },
              ],
            },
          ],
          "Version": "2012-10-17",
        },
        "PolicyName": "deleteLambdaServiceRoleDefaultPolicy770F9D88",
        "Roles": Array [
          Object {
            "Ref": "deleteLambdaServiceRole44BC2A4A",
          },
        ],
      },
      "Type": "AWS::IAM::Policy",
    },
    "getLambda0E45CF34": Object {
      "DependsOn": Array [
        "getLambdaServiceRoleDefaultPolicy76D4F95E",
        "getLambdaServiceRoleAF88CB09",
      ],
      "Properties": Object {
        "Code": Object {
          "S3Bucket": Object {
            "Ref": "AssetParameters39bb0e546e9060246630a988a1664e604d2b06a01852fc3d9762456ca6b07125S3BucketF64B94BF",
          },
          "S3Key": Object {
            "Fn::Join": Array [
              "",
              Array [
                Object {
                  "Fn::Select": Array [
                    0,
                    Object {
                      "Fn::Split": Array [
                        "||",
                        Object {
                          "Ref": "AssetParameters39bb0e546e9060246630a988a1664e604d2b06a01852fc3d9762456ca6b07125S3VersionKey684B73FB",
                        },
                      ],
                    },
                  ],
                },
                Object {
                  "Fn::Select": Array [
                    1,
                    Object {
                      "Fn::Split": Array [
                        "||",
                        Object {
                          "Ref": "AssetParameters39bb0e546e9060246630a988a1664e604d2b06a01852fc3d9762456ca6b07125S3VersionKey684B73FB",
                        },
                      ],
                    },
                  ],
                },
              ],
            ],
          },
        },
        "Environment": Object {
          "Variables": Object {
            "ENV": "local",
            "TABLE_NAME": Object {
              "Ref": "customers4F944D62",
            },
          },
        },
        "Handler": "get-lambda-bundle.entrypoint",
        "Role": Object {
          "Fn::GetAtt": Array [
            "getLambdaServiceRoleAF88CB09",
            "Arn",
          ],
        },
        "Runtime": "nodejs12.x",
      },
      "Type": "AWS::Lambda::Function",
    },
    "getLambdaServiceRoleAF88CB09": Object {
      "Properties": Object {
        "AssumeRolePolicyDocument": Object {
          "Statement": Array [
            Object {
              "Action": "sts:AssumeRole",
              "Effect": "Allow",
              "Principal": Object {
                "Service": "lambda.amazonaws.com",
              },
            },
          ],
          "Version": "2012-10-17",
        },
        "ManagedPolicyArns": Array [
          Object {
            "Fn::Join": Array [
              "",
              Array [
                "arn:",
                Object {
                  "Ref": "AWS::Partition",
                },
                ":iam::aws:policy/service-role/AWSLambdaBasicExecutionRole",
              ],
            ],
          },
        ],
      },
      "Type": "AWS::IAM::Role",
    },
    "getLambdaServiceRoleDefaultPolicy76D4F95E": Object {
      "Properties": Object {
        "PolicyDocument": Object {
          "Statement": Array [
            Object {
              "Action": Array [
                "dynamodb:BatchGetItem",
                "dynamodb:GetRecords",
                "dynamodb:GetShardIterator",
                "dynamodb:Query",
                "dynamodb:GetItem",
                "dynamodb:Scan",
              ],
              "Effect": "Allow",
              "Resource": Array [
                Object {
                  "Fn::GetAtt": Array [
                    "customers4F944D62",
                    "Arn",
                  ],
                },
                Object {
                  "Ref": "AWS::NoValue",
                },
              ],
            },
          ],
          "Version": "2012-10-17",
        },
        "PolicyName": "getLambdaServiceRoleDefaultPolicy76D4F95E",
        "Roles": Array [
          Object {
            "Ref": "getLambdaServiceRoleAF88CB09",
          },
        ],
      },
      "Type": "AWS::IAM::Policy",
    },
    "updateLambda2E646683": Object {
      "DependsOn": Array [
        "updateLambdaServiceRoleDefaultPolicyCD1BE1A0",
        "updateLambdaServiceRole660E4971",
      ],
      "Properties": Object {
        "Code": Object {
          "S3Bucket": Object {
            "Ref": "AssetParameters7eb45dd7df01ed1316ba3fd84c0d9f2eb725f074f1da5b4358bc2c80ac7bb0baS3Bucket027A17A6",
          },
          "S3Key": Object {
            "Fn::Join": Array [
              "",
              Array [
                Object {
                  "Fn::Select": Array [
                    0,
                    Object {
                      "Fn::Split": Array [
                        "||",
                        Object {
                          "Ref": "AssetParameters7eb45dd7df01ed1316ba3fd84c0d9f2eb725f074f1da5b4358bc2c80ac7bb0baS3VersionKeyA3A3479B",
                        },
                      ],
                    },
                  ],
                },
                Object {
                  "Fn::Select": Array [
                    1,
                    Object {
                      "Fn::Split": Array [
                        "||",
                        Object {
                          "Ref": "AssetParameters7eb45dd7df01ed1316ba3fd84c0d9f2eb725f074f1da5b4358bc2c80ac7bb0baS3VersionKeyA3A3479B",
                        },
                      ],
                    },
                  ],
                },
              ],
            ],
          },
        },
        "Environment": Object {
          "Variables": Object {
            "ENV": "local",
            "TABLE_NAME": Object {
              "Ref": "customers4F944D62",
            },
          },
        },
        "Handler": "update-lambda-bundle.entrypoint",
        "Role": Object {
          "Fn::GetAtt": Array [
            "updateLambdaServiceRole660E4971",
            "Arn",
          ],
        },
        "Runtime": "nodejs12.x",
      },
      "Type": "AWS::Lambda::Function",
    },
    "updateLambdaServiceRole660E4971": Object {
      "Properties": Object {
        "AssumeRolePolicyDocument": Object {
          "Statement": Array [
            Object {
              "Action": "sts:AssumeRole",
              "Effect": "Allow",
              "Principal": Object {
                "Service": "lambda.amazonaws.com",
              },
            },
          ],
          "Version": "2012-10-17",
        },
        "ManagedPolicyArns": Array [
          Object {
            "Fn::Join": Array [
              "",
              Array [
                "arn:",
                Object {
                  "Ref": "AWS::Partition",
                },
                ":iam::aws:policy/service-role/AWSLambdaBasicExecutionRole",
              ],
            ],
          },
        ],
      },
      "Type": "AWS::IAM::Role",
    },
    "updateLambdaServiceRoleDefaultPolicyCD1BE1A0": Object {
      "Properties": Object {
        "PolicyDocument": Object {
          "Statement": Array [
            Object {
              "Action": Array [
                "dynamodb:BatchGetItem",
                "dynamodb:GetRecords",
                "dynamodb:GetShardIterator",
                "dynamodb:Query",
                "dynamodb:GetItem",
                "dynamodb:Scan",
                "dynamodb:BatchWriteItem",
                "dynamodb:PutItem",
                "dynamodb:UpdateItem",
                "dynamodb:DeleteItem",
              ],
              "Effect": "Allow",
              "Resource": Array [
                Object {
                  "Fn::GetAtt": Array [
                    "customers4F944D62",
                    "Arn",
                  ],
                },
                Object {
                  "Ref": "AWS::NoValue",
                },
              ],
            },
          ],
          "Version": "2012-10-17",
        },
        "PolicyName": "updateLambdaServiceRoleDefaultPolicyCD1BE1A0",
        "Roles": Array [
          Object {
            "Ref": "updateLambdaServiceRole660E4971",
          },
        ],
      },
      "Type": "AWS::IAM::Policy",
    },
  },
}
`;
